// Jest Snapshot v1, https://goo.gl/fbAQLP

exports[`getCurrentUserPeriod throws error if user period is not found 1`] = `[SystemError: Cannot find user current period]`;
